export x="ls -la"

if the variable not quoted like that : $x -> it will expanded splitted by space
so it will executed as ls -la



if it quoted like that : "$x" -> it will expanded as a normal string without splitting
bash: ls -la: command not found

------------------------
bash-3.2$ echo $? | $?
bash: 0: command not found
bash-3.2$ $? | echo $?
bash: 127: command not found
0
bash-3.2$ lss
bash: lss: command not found
bash-3.2$ $? | echo $?
bash: 127: command not found
0
bash-3.2$ $? | echo $? | $?
bash: 0: command not found
bash: 0: command not found
bash-3.2$ lss
bash: lss: command not found
bash-3.2$ $? | echo $? | $?
bash: 127: command not found
bash: 0: command not found
bash-3.2$ lss
bash: lss: command not found
bash-3.2$ $? |  $? | echo $?
bash: 127: command not found
bash: 0: command not found
0
bash-3.2$ cat > /dev/null | ls
Makefile        library         src
include         minishell
^C
bash-3.2$ cat > /dev/null | ls
Makefile        library         src
include         minishell

minishell$> echo $?
130
minishell$> cat > /dev/null | cat
^C
minishell$> echo $?
130
minishell$> cat > /dev/null | ls
Makefile        library         src
include         minishell
^Cminishell$
minishell$> echo $?
0
minishell$> cat > /dev/null | ls
Makefile        library         src
include         minishell
^Cminishell$> echo $?
0
minishell$> cat | cat
^C
minishell$> cat | ls
Makefile        library         src
include         minishell
^C
minishell$> cat > /dev/null | ls
Makefile        library         src
include         minishell
^Cminishell$> cat > /dev/null | ls


//////
cat | cat | cat | cat | cat | cat | cat | cat | cat | cat | cat | cat | cat | cat | cat | cat | cat | cat | cat | cat | cat | cat | cat | cat | cat | cat | cat | cat | cat | cat | cat | cat | cat | cat | cat | cat | cat | cat | cat | cat | cat | cat | cat | cat | cat | cat | cat | cat | cat | cat | cat | cat | cat | cat | cat | cat | cat | cat | cat | cat | cat | cat | cat | cat | cat | cat | cat | cat | cat | cat | cat | cat | cat | cat | cat | cat | cat | cat | cat | cat | cat | cat | cat | cat | cat | cat | cat | cat | cat | cat | cat | cat | cat | cat | cat | cat | cat | cat | cat | cat | cat | cat | cat | cat | cat | cat | cat | cat | cat | cat | cat | cat | cat | cat | cat | cat | cat | cat | cat | cat | cat | cat | cat | cat | cat | cat | cat | cat | cat | cat | cat | cat | cat | cat | cat | cat | cat | cat | cat | cat | cat | cat | cat | cat | cat | cat | cat | cat | cat | cat | cat | cat | cat | cat | cat | cat | cat | cat | cat | cat | cat | cat | cat | cat | cat | cat | cat | cat | cat | cat | cat | cat | cat | cat | cat | cat | cat | cat | cat | cat | cat | cat | cat | cat | cat | cat | cat | cat | cat | cat | cat | cat | cat | cat | cat | cat | cat | cat | cat | cat | cat | cat | cat | cat | cat | cat | cat | cat | cat | cat | cat | cat | cat | cat | cat | cat | cat | cat | cat | cat | cat | cat | cat | cat | cat | cat | cat | cat | cat | cat | cat | cat | cat | cat | cat | cat | cat | cat | cat | cat | cat | cat | cat | cat | cat | cat | cat | cat | cat | cat | cat | cat | cat | cat | cat | cat | cat | cat | cat | cat | cat | cat | cat | cat | cat | cat | cat | cat | cat | cat | cat | cat | cat | cat | cat | cat | cat | cat | cat | cat | cat | cat | cat | cat | cat | cat | cat | cat | cat | cat | cat | cat | cat | cat | cat | cat | cat | cat | cat | cat | cat | cat | cat | cat | cat | cat | cat | cat | cat | cat | cat | cat | cat | cat | cat | cat | cat | cat | cat | cat | cat | cat | cat | cat | cat | cat | cat | cat | cat | cat | cat | cat | cat | cat | cat | cat | cat | cat | cat | cat | cat | cat | cat | cat | cat | cat | cat | cat | cat | cat | cat | cat | cat | cat | cat | cat | cat | cat | cat | cat | cat | cat | cat | cat | cat | cat | cat | cat | cat | cat | cat | cat | cat | cat | cat | cat | cat | cat | cat | cat | cat | cat | cat | cat | cat | cat | cat | cat | cat | cat | cat | cat | cat | cat | cat | cat | cat | cat | cat | cat | cat | cat | cat | cat | cat | cat | cat | cat | cat | cat | cat | cat | cat | cat | cat | cat | cat | cat | cat | cat | cat | cat | cat | cat | cat | cat | cat | cat | cat | cat | cat | cat | cat | cat | cat | cat | cat | cat | cat | cat | cat | cat | cat | cat | cat | cat | cat | cat | cat | cat | cat | cat | cat | cat | cat | cat | cat | cat | cat | cat | cat | cat | cat | cat | cat | cat | cat | cat | cat | cat | cat | cat | cat | cat | cat | cat | cat | cat | cat | cat | cat | cat | cat | cat | cat | cat | cat | cat | cat | cat | cat | cat | cat | cat | cat | cat | cat | cat | cat | cat | cat | cat | cat | cat | cat | cat | cat | cat | cat | cat | cat | cat | cat | cat | cat | cat | cat | cat | cat | cat | cat | cat | cat | cat | cat | cat | cat | cat | cat | cat | cat | cat | cat | cat | cat | cat | cat | cat | cat | cat | cat | cat | cat | cat | cat | cat | cat | cat | cat | cat | cat | cat | cat | cat | cat | cat | cat | cat | cat | cat | cat | cat | cat | cat | cat | cat | cat | cat | cat | cat | cat | cat | cat | cat | cat | cat | cat | cat | cat | cat | cat | cat | cat | cat | cat | cat | cat | cat | cat | cat | cat | cat | cat | cat | cat | cat | cat | cat | cat | cat | cat | cat | cat | cat | cat | cat | cat | cat | cat | cat | cat | cat | cat | cat | cat | cat | cat | cat | cat | cat | cat | cat | cat | cat | cat | cat | cat | cat | cat | cat | cat | cat | cat | cat | cat | cat | cat | cat | cat | cat | cat | cat | cat | cat | cat | cat | cat | cat | cat | cat | cat | cat | cat | cat | cat | cat | cat | cat | cat | cat | cat | cat | cat | cat | cat | cat | cat | cat | cat | cat | cat | cat | cat | cat | cat | cat | cat | cat | cat | cat | cat | cat | cat | cat | cat | cat | cat | cat | cat | cat | cat | cat | cat | cat | cat | cat | cat | cat | cat | cat | cat | cat | cat | cat | cat | cat | cat | cat | cat | cat | cat | cat | cat | cat | cat | cat | cat | cat | cat | cat | cat | cat | cat | cat | cat | cat | cat | cat | cat | cat | cat | cat | cat | cat | cat | cat | cat | cat | cat | cat | cat | cat | cat | cat | cat | cat | cat | cat | cat | cat | cat | cat | cat | cat | cat | cat | cat | cat | cat | cat | cat | cat | cat | cat | cat | cat | cat | cat | cat | cat | cat | cat | cat | cat | cat | cat | cat | cat | cat | cat | cat | cat | cat | cat | cat | cat | cat | cat | cat | cat | cat | cat | cat | cat | cat | cat | cat | cat | cat | cat | cat | cat | cat | cat | cat | cat | cat | cat | cat | cat | cat | cat | cat | cat | cat | cat | cat | cat | cat | cat | cat | cat | cat | cat | cat | cat | cat | cat | cat | cat | cat | cat | cat | cat | cat | cat | cat | cat | cat | cat | cat | cat | cat | cat | cat | cat | cat | cat | cat | cat | cat | cat | cat | cat | cat | cat | cat | cat | cat | cat | cat | cat | cat | cat | cat | cat | cat | cat | cat | cat | cat | cat | cat | cat | cat | cat | cat | cat | cat | cat | cat | cat | cat | cat | cat | cat | cat | cat | cat | cat | cat | cat | cat | cat | cat | cat | cat | cat | cat | cat | cat | cat | cat | cat | cat | cat | cat | cat | cat | cat | cat | cat | cat | cat | cat | cat | cat | cat | cat | cat | cat | cat | cat | cat | cat | cat | cat | cat | cat | cat | cat | cat | cat | cat | cat | cat | cat | cat | cat | cat | cat | cat | cat | cat | cat | cat | cat | cat | cat | cat | cat | cat | cat | cat | cat | cat | cat | cat | cat | cat | cat | cat | cat | cat | cat | cat | cat | cat | cat | cat | cat | cat | cat | cat | cat | cat | cat | cat | cat | cat | cat | cat | cat | cat | cat | cat | cat | cat | cat | cat | cat | cat | cat | cat | cat | cat | cat | cat | cat | cat | cat | cat | cat | cat | cat | cat | cat | cat | cat | cat | cat | cat | cat | cat | cat | cat | cat | cat | cat | cat | cat | cat | cat | cat | cat | cat | cat | cat | cat | cat | cat | cat | cat | cat | cat | cat | cat | cat | cat | cat | cat | cat | cat | cat | cat | cat | cat | cat | cat | cat | cat | cat | cat | cat | cat | cat | cat | cat | cat | cat | cat | cat | cat | cat | cat | cat | cat | cat | cat | cat | cat | cat | cat | cat | cat | cat | cat | cat | cat | cat | cat | cat | cat | cat | cat | cat | cat | cat | cat | cat | cat | cat | cat | cat | cat | cat | cat | cat | cat | cat | cat | cat | cat | cat | cat | cat | cat | cat | cat | cat | cat | cat | cat | cat | cat | cat | cat | cat | cat | cat | cat | cat | cat | cat | cat | cat | cat | cat | cat | cat | cat | cat | cat | cat | cat | cat | cat | cat | cat | cat | cat | cat | cat | cat | cat | cat | cat | cat | cat | cat | cat | cat | cat | cat | cat | cat | cat | cat | cat | cat | cat | cat | cat | cat | cat | cat | cat | cat | cat | cat | cat | cat | cat | cat | cat | cat | cat | cat | cat | cat | cat | cat | cat | cat | cat | cat | cat | cat | cat | cat | cat | cat | cat | cat | cat | cat | cat | cat | cat | cat | cat | cat | cat | cat | cat | cat | cat | cat | cat | cat | cat | cat | cat | cat | cat | cat | cat | cat | cat | cat | cat | cat | cat | cat | cat | cat | cat | cat | cat | cat | cat | cat | cat | cat | cat | cat | cat | cat | cat | cat | cat | cat | cat | cat | cat | cat | cat | cat | cat | cat | cat | cat | cat | cat | cat | cat | cat | cat | cat | cat | cat | cat | cat | cat | cat | cat | cat | cat | cat | cat | cat | cat | cat | cat | cat | cat | cat | cat | cat | cat | cat | cat | cat | cat | cat | cat | cat | cat | cat | cat | cat | cat | cat | cat | cat | cat | cat | cat | cat | cat | cat | cat | cat | cat | cat | cat | cat | cat | cat | cat | cat | cat | cat | cat | cat | cat | cat | cat | cat | cat | cat | cat | cat | cat | cat | cat | cat | cat | cat | cat | cat | cat | cat | cat | cat | cat | cat | cat | cat | cat | cat | cat | cat | cat | cat | cat | cat | cat | cat | cat | cat | cat | cat | cat | cat | cat | cat | cat | cat | cat | cat | cat | cat | cat | cat | cat | cat | cat | cat | cat | cat | cat | cat | cat | cat | cat | cat | cat | cat | cat | cat | cat | cat | cat | cat | cat | cat | cat | cat | cat | cat | cat | cat | cat | cat | cat | cat | cat | cat | cat | cat | cat | cat | cat | cat | cat | cat | cat | cat | cat | cat | cat | cat | cat | cat | cat | cat | cat | cat | cat | cat | cat | cat | cat | cat | cat | cat | cat | cat | cat | cat | cat | cat | cat | cat | cat | cat | cat | cat | cat | cat | cat | cat | cat | cat

ls | ls | ls | ls | ls | ls | ls | ls | ls | ls | ls | ls | ls | ls | ls | ls | ls | ls | ls | ls | ls | ls | ls | ls | ls | ls | ls | ls | ls | ls | ls | ls | ls | ls | ls | ls | ls | ls | ls | ls | ls | ls | ls | ls | ls | ls | ls | ls | ls | ls | ls | ls | ls | ls | ls | ls | ls | ls | ls | ls | ls | ls | ls | ls | ls | ls | ls | ls | ls | ls | ls | ls | ls | ls | ls | ls | ls | ls | ls | ls | ls | ls | ls | ls | ls | ls | ls | ls | ls | ls | ls | ls | ls | ls | ls | ls | ls | ls | ls | ls | ls | ls | ls | ls | ls | ls | ls | ls | ls | ls | ls | ls | ls | ls | ls | ls | ls | ls | ls | ls | ls | ls | ls | ls | ls | ls | ls | ls | ls | ls | ls | ls | ls | ls | ls | ls | ls | ls | ls | ls | ls | ls | ls | ls | ls | ls | ls | ls | ls | ls | ls | ls | ls | ls | ls | ls | ls | ls | ls | ls | ls | ls | ls | ls | ls | ls | ls | ls | ls | ls | ls | ls | ls | ls | ls | ls | ls | ls | ls | ls | ls | ls | ls | ls | ls | ls | ls | ls | ls | ls | ls | ls | ls | ls | ls | ls | ls | ls | ls | ls | ls | ls | ls | ls | ls | ls | ls | ls | ls | ls | ls | ls | ls | ls | ls | ls | ls | ls | ls | ls | ls | ls | ls | ls | ls | ls | ls | ls | ls | ls | ls | ls | ls | ls | ls | ls | ls | ls | ls | ls | ls | ls | ls | ls | ls | ls | ls | ls | ls | ls | ls | ls | ls | ls | ls | ls | ls | ls | ls | ls | ls | ls | ls | ls | ls | ls | ls | ls | ls | ls | ls | ls | ls | ls | ls | ls | ls | ls | ls | ls | ls | ls | ls | ls | ls | ls | ls | ls | ls | ls | ls | ls | ls | ls | ls | ls | ls | ls | ls | ls | ls | ls | ls | ls | ls | ls | ls | ls | ls | ls | ls | ls | ls | ls | ls | ls | ls | ls | ls | ls | ls | ls | ls | ls | ls | ls | ls | ls | ls | ls | ls | ls | ls | ls | ls | ls | ls | ls | ls | ls | ls | ls | ls | ls | ls | ls | ls | ls | ls | ls | ls | ls | ls | ls | ls | ls | ls | ls | ls | ls | ls | ls | ls | ls | ls | ls | ls | ls | ls | ls | ls | ls | ls | ls | ls | ls | ls | ls | ls | ls | ls | ls | ls | ls | ls | ls | ls | ls | ls | ls | ls | ls | ls | ls | ls | ls | ls | ls | ls | ls | ls | ls | ls | ls | ls | ls | ls | ls | ls | ls | ls | ls | ls | ls | ls | ls | ls | ls | ls | ls | ls | ls | ls | ls | ls | ls | ls | ls | ls | ls | ls | ls | ls | ls | ls | ls | ls | ls | ls | ls | ls | ls | ls | ls | ls | ls | ls | ls | ls | ls | ls | ls | ls | ls | ls | ls | ls | ls | ls | ls | ls | ls | ls | ls | ls | ls | ls | ls | ls | ls | ls | ls | ls | ls | ls | ls | ls | ls | ls | ls | ls | ls | ls | ls | ls | ls | ls | ls | ls | ls | ls | ls | ls | ls | ls | ls | ls | ls | ls | ls | ls | ls | ls | ls | ls | ls | ls | ls | ls | ls | ls | ls | ls | ls | ls | ls | ls | ls | ls | ls | ls | ls | ls | ls | ls | ls | ls | ls | ls | ls | ls | ls | ls | ls | ls | ls | ls | ls | ls | ls | ls | ls | ls | ls | ls | ls | ls | ls | ls | ls | ls | ls | ls | ls | ls | ls | ls | ls | ls | ls | ls | ls | ls | ls | ls | ls | ls | ls | ls | ls | ls | ls | ls | ls | ls | ls | ls | ls | ls | ls | ls | ls | ls | ls | ls | ls | ls | ls | ls | ls | ls | ls | ls | ls | ls | ls | ls | ls | ls | ls | ls | ls | ls | ls | ls | ls | ls | ls | ls | ls | ls | ls | ls | ls | ls | ls | ls | ls | ls | ls | ls | ls | ls | ls | ls | ls | ls | ls | ls | ls | ls | ls | ls | ls | ls | ls | ls | ls | ls | ls | ls | ls | ls | ls | ls | ls | ls | ls | ls | ls | ls | ls | ls | ls | ls | ls | ls | ls | ls | ls | ls | ls | ls | ls | ls | ls | ls | ls | ls | ls | ls | ls | ls | ls | ls | ls | ls | ls | ls | ls | ls | ls | ls | ls | ls | ls | ls | ls | ls | ls | ls | ls | ls | ls | ls | ls | ls | ls | ls | ls | ls | ls | ls | ls | ls | ls | ls | ls | ls | ls | ls | ls | ls | ls | ls | ls | ls | ls | ls | ls | ls | ls | ls | ls | ls | ls | ls | ls | ls | ls | ls | ls | ls | ls | ls | ls | ls | ls | ls | ls | ls | ls | ls | ls | ls | ls | ls | ls | ls | ls | ls | ls | ls | ls | ls | ls | ls | ls | ls | ls | ls | ls | ls | ls | ls | ls | ls | ls | ls | ls | ls | ls | ls | ls | ls | ls | ls | ls | ls | ls | ls | ls | ls | ls | ls | ls | ls | ls | ls | ls | ls | ls | ls | ls | ls | ls | ls | ls | ls | ls | ls | ls | ls | ls | ls | ls | ls | ls | ls | ls | ls | ls | ls | ls | ls | ls | ls | ls | ls | ls | ls | ls | ls | ls | ls | ls | ls | ls | ls | ls | ls | ls | ls | ls | ls | ls | ls | ls | ls | ls | ls | ls | ls | ls | ls | ls | ls | ls | ls | ls | ls | ls | ls | ls | ls | ls | ls | ls | ls | ls | ls | ls | ls | ls | ls | ls | ls | ls | ls | ls | ls | ls | ls | ls | ls | ls | ls | ls | ls | ls | ls | ls | ls | ls | ls | ls | ls | ls | ls | ls | ls | ls | ls | ls | ls | ls | ls | ls | ls | ls | ls | ls | ls | ls | ls | ls | ls | ls | ls | ls | ls | ls | ls | ls | ls | ls | ls | ls | ls | ls | ls | ls | ls | ls | ls | ls | ls | ls | ls | ls | ls | ls | ls | ls | ls | ls | ls | ls | ls | ls | ls | ls | ls | ls | ls | ls | ls | ls | ls | ls | ls | ls | ls | ls | ls | ls | ls | ls | ls | ls | ls | ls | ls | ls | ls | ls | ls | ls | ls | ls | ls | ls | ls | ls | ls | ls | ls | ls | ls | ls | ls | ls | ls | ls | ls | ls | ls | ls | ls | ls | ls | ls | ls | ls | ls | ls | ls | ls | ls | ls | ls | ls | ls | ls | ls | ls | ls | ls | ls | ls | ls | ls | ls | ls | ls | ls | ls | ls | ls | ls | ls | ls | ls | ls | ls | ls | ls | ls | ls | ls | ls | ls | ls | ls | ls | ls | ls | ls | ls | ls | ls | ls | ls | ls | ls | ls | ls | ls | ls | ls | ls | ls | ls | ls | ls | ls | ls | ls | ls | ls | ls | ls | ls | ls | ls | ls | ls | ls | ls | ls | ls | ls | ls | ls | ls | ls | ls | ls | ls | ls | ls | ls | ls | ls | ls | ls | ls | ls | ls | ls | ls | ls | ls | ls | ls | ls | ls | ls | ls | ls | ls | ls | ls | ls | ls | ls | ls | ls | ls | ls | ls | ls | ls | ls | ls | ls | ls | ls | ls | ls | ls | ls | ls | ls | ls | ls | ls | ls | ls | ls | ls | ls | ls | ls | ls | ls | ls | ls | ls | ls | ls | ls | ls | ls | ls | ls | ls | ls | ls | ls | ls | ls | ls | ls | ls | ls | ls | ls | ls | ls | ls | ls | ls | ls | ls | ls | ls | ls | ls | ls | ls | ls | ls | ls | ls | ls | ls | ls | ls | ls | ls | ls | ls | ls | ls | ls | ls | ls | ls | ls | ls | ls | ls | ls | ls | ls | ls | ls | ls | ls | ls | ls | ls | ls | ls | ls | ls | ls | ls | ls | ls | ls | ls | ls | ls | ls | ls | ls | ls | ls | ls | ls | ls | ls | ls | ls | ls | ls | ls | ls | ls | ls | ls | ls | ls | ls | ls | ls | ls | ls | ls | ls | ls | ls | ls | ls | ls | ls | ls | ls | ls | ls | ls | ls | ls | ls | ls | ls | ls | ls | ls | ls | ls | ls | ls | ls | ls | ls | ls | ls | ls | ls | ls | ls | ls | ls | ls | ls | ls | ls | ls | ls | ls | ls | ls | ls | ls | ls | ls | ls | ls | ls | ls | ls | ls | ls | ls | ls | ls | ls | ls | ls | ls | ls | ls | ls | ls | ls | ls | ls | ls | ls | ls | ls | ls | ls | ls | ls | ls | ls | ls | ls | ls | ls | ls | ls | ls | ls | ls | ls | ls | ls | ls | ls | ls | ls | ls | ls | ls | ls | ls | ls | ls | ls | ls | ls | ls | ls | ls | ls | ls | ls | ls | ls | ls | ls | ls | ls | ls | ls | ls | ls | ls | ls | ls | ls | ls | ls | ls | ls | ls | ls | ls | ls | ls | ls | ls | ls | ls | ls | ls | ls | ls | ls | ls | ls | ls | ls | ls | ls | ls | ls | ls | ls | ls | ls | ls | ls | ls | ls | ls | ls | ls | ls | ls | ls | ls | ls | ls | ls | ls | ls | ls | ls | ls | ls | ls | ls | ls | ls | ls | ls | ls | ls | ls | ls | ls | ls | ls | ls | ls | ls | ls | ls | ls | ls | ls | ls | ls | ls | ls | ls | ls | ls | ls

